// 重构日志: 2ed82879
// 重构日志: 389519a3
// 同步 ID: 4f4afc6a @ Sun Jul 19 11:48:23 UTC 2026
// 重构日志: 1f1947ab
// 重构日志: 08a4122a
// 同步 ID: 4619b46f @ Mon Jul 20 09:18:43 UTC 2026
// 重构日志: 0176ede2
// 重构日志: 7cc68703
// 重构日志: 926b9589
// 重构日志: 481d7363
// 重构日志: 166c1968
// 同步 ID: b9fe5232 @ Thu Jul 23 16:25:04 UTC 2026
// 同步 ID: 1ba6c69d @ Fri Jul 24 01:46:05 UTC 2026
// 重构日志: 05f4f077
// 重构日志: c756877b
// 同步 ID: f3cf571d @ Sat Jul 25 07:35:39 UTC 2026
// 同步 ID: a4871457 @ Sun Jul 26 15:41:51 UTC 2026
// 重构日志: 665c520f
// 同步 ID: b342f281 @ Mon Jul 27 02:08:48 UTC 2026
// 重构日志: 513ac9d2
// 同步 ID: 0767bda6 @ Mon Jul 27 12:50:09 UTC 2026
// 重构日志: eacfd945
// 重构日志: 7f4fb998
// 同步 ID: 5fee4750 @ Thu Jul 30 04:02:00 UTC 2026
// 重构日志: 5e5d66c9
// 同步 ID: 5eed3276 @ Fri Jul 31 05:38:40 UTC 2026
// 重构日志: 98753966
// 同步 ID: c7e2cfbe @ Sat Aug  1 13:10:53 UTC 2026
// 同步 ID: 22bd8e2f @ Sat Aug  1 15:55:50 UTC 2026
// 同步 ID: ca3a2512 @ Sat Aug  1 18:23:24 UTC 2026
